// Jest Snapshot v1, https://goo.gl/fbAQLP

exports[`LogIn should match the snapshot 1`] = `
Object {
  "asFragment": [Function],
  "baseElement": <body>
    <div>
      <div
        class="has-text-centered"
      >
        <div
          class="columns is-centered"
        >
          <div
            class="column is-two-fifths"
          >
            <h2
              class="is-size-2 my-5"
            >
              Login
            </h2>
            <form
              class="my-5"
            >
              <br />
              <div
                class="inputContainer"
              >
                <label>
                  Username
                  <input
                    class="inputBox"
                    data-testid="loginForm-username"
                    name="username"
                    placeholder="Enter your User Name here"
                    value=""
                  />
                </label>
                <p
                  class="errorLabel"
                />
              </div>
              <br />
              <div
                class="inputContainer"
              >
                <label>
                  Password
                  <input
                    class="inputBox"
                    data-testid="loginForm-password"
                    name="password"
                    placeholder="Enter your password here"
                    type="password"
                    value=""
                  />
                </label>
              </div>
              <br />
              <button
                class="button is-primary"
                name="log_in"
              >
                Login
              </button>
            </form>
          </div>
        </div>
      </div>
    </div>
  </body>,
  "container": <div>
    <div
      class="has-text-centered"
    >
      <div
        class="columns is-centered"
      >
        <div
          class="column is-two-fifths"
        >
          <h2
            class="is-size-2 my-5"
          >
            Login
          </h2>
          <form
            class="my-5"
          >
            <br />
            <div
              class="inputContainer"
            >
              <label>
                Username
                <input
                  class="inputBox"
                  data-testid="loginForm-username"
                  name="username"
                  placeholder="Enter your User Name here"
                  value=""
                />
              </label>
              <p
                class="errorLabel"
              />
            </div>
            <br />
            <div
              class="inputContainer"
            >
              <label>
                Password
                <input
                  class="inputBox"
                  data-testid="loginForm-password"
                  name="password"
                  placeholder="Enter your password here"
                  type="password"
                  value=""
                />
              </label>
            </div>
            <br />
            <button
              class="button is-primary"
              name="log_in"
            >
              Login
            </button>
          </form>
        </div>
      </div>
    </div>
  </div>,
  "debug": [Function],
  "findAllByAltText": [Function],
  "findAllByDisplayValue": [Function],
  "findAllByLabelText": [Function],
  "findAllByPlaceholderText": [Function],
  "findAllByRole": [Function],
  "findAllByTestId": [Function],
  "findAllByText": [Function],
  "findAllByTitle": [Function],
  "findByAltText": [Function],
  "findByDisplayValue": [Function],
  "findByLabelText": [Function],
  "findByPlaceholderText": [Function],
  "findByRole": [Function],
  "findByTestId": [Function],
  "findByText": [Function],
  "findByTitle": [Function],
  "getAllByAltText": [Function],
  "getAllByDisplayValue": [Function],
  "getAllByLabelText": [Function],
  "getAllByPlaceholderText": [Function],
  "getAllByRole": [Function],
  "getAllByTestId": [Function],
  "getAllByText": [Function],
  "getAllByTitle": [Function],
  "getByAltText": [Function],
  "getByDisplayValue": [Function],
  "getByLabelText": [Function],
  "getByPlaceholderText": [Function],
  "getByRole": [Function],
  "getByTestId": [Function],
  "getByText": [Function],
  "getByTitle": [Function],
  "queryAllByAltText": [Function],
  "queryAllByDisplayValue": [Function],
  "queryAllByLabelText": [Function],
  "queryAllByPlaceholderText": [Function],
  "queryAllByRole": [Function],
  "queryAllByTestId": [Function],
  "queryAllByText": [Function],
  "queryAllByTitle": [Function],
  "queryByAltText": [Function],
  "queryByDisplayValue": [Function],
  "queryByLabelText": [Function],
  "queryByPlaceholderText": [Function],
  "queryByRole": [Function],
  "queryByTestId": [Function],
  "queryByText": [Function],
  "queryByTitle": [Function],
  "rerender": [Function],
  "unmount": [Function],
}
`;
